
> alumni-frontend@0.1.0 build
> next build

▲ Next.js 16.1.6 (Turbopack)
- Environments: .env

  Creating an optimized production build ...

> Build error occurred
Error: Turbopack build failed with 15 errors:
./lib/api/chat.api.ts:1:1
Module not found: Can't resolve './api'
[0m[31m[1m>[22m[39m[90m 1 |[39m [36mimport[39m api [36mfrom[39m [32m"./api"[39m[33m;[39m
 [90m   |[39m [31m[1m^[22m[39m[31m[1m^[22m[39m[31m[1m^[22m[39m[31m[1m^[22m[39m[31m[1m^[22m[39m[31m[1m^[22m[39m[31m[1m^[22m[39m[31m[1m^[22m[39m[31m[1m^[22m[39m[31m[1m^[22m[39m[31m[1m^[22m[39m[31m[1m^[22m[39m[31m[1m^[22m[39m[31m[1m^[22m[39m[31m[1m^[22m[39m[31m[1m^[22m[39m[31m[1m^[22m[39m[31m[1m^[22m[39m[31m[1m^[22m[39m[31m[1m^[22m[39m[31m[1m^[22m[39m[31m[1m^[22m[39m[31m[1m^[22m[39m[31m[1m^[22m[39m
 [90m 2 |[39m [36mimport[39m { [33mConversation[39m[33m,[39m [33mMessage[39m } [36mfrom[39m [32m"@/types/api.types"[39m[33m;[39m
 [90m 3 |[39m
 [90m 4 |[39m [36mexport[39m [36mconst[39m getConversations [33m=[39m [36masync[39m ()[33m:[39m [33mPromise[39m[33m<[39m[33mConversation[39m[][33m>[39m [33m=>[39m {[0m



Import traces:
  Client Component Browser:
    ./lib/api/chat.api.ts [Client Component Browser]
    ./app/(dashboard)/messages/[participantId]/page.tsx [Client Component Browser]
    ./app/(dashboard)/messages/[participantId]/page.tsx [Server Component]

  Client Component SSR:
    ./lib/api/chat.api.ts [Client Component SSR]
    ./app/(dashboard)/messages/[participantId]/page.tsx [Client Component SSR]
    ./app/(dashboard)/messages/[participantId]/page.tsx [Server Component]

https://nextjs.org/docs/messages/module-not-found


./app/(dashboard)/feed/page.tsx:26:1
Module not found: Can't resolve 'framer-motion'
[0m [90m 24 |[39m   [33mCalendarClock[39m
 [90m 25 |[39m } [36mfrom[39m [32m"lucide-react"[39m[33m;[39m
[31m[1m>[22m[39m[90m 26 |[39m [36mimport[39m { motion[33m,[39m [33mAnimatePresence[39m } [36mfrom[39m [32m"framer-motion"[39m[33m;[39m
 [90m    |[39m [31m[1m^[22m[39m[31m[1m^[22m[39m[31m[1m^[22m[39m[31m[1m^[22m[39m[31m[1m^[22m[39m[31m[1m^[22m[39m[31m[1m^[22m[39m[31m[1m^[22m[39m[31m[1m^[22m[39m[31m[1m^[22m[39m[31m[1m^[22m[39m[31m[1m^[22m[39m[31m[1m^[22m[39m[31m[1m^[22m[39m[31m[1m^[22m[39m[31m[1m^[22m[39m[31m[1m^[22m[39m[31m[1m^[22m[39m[31m[1m^[22m[39m[31m[1m^[22m[39m[31m[1m^[22m[39m[31m[1m^[22m[39m[31m[1m^[22m[39m[31m[1m^[22m[39m[31m[1m^[22m[39m[31m[1m^[22m[39m[31m[1m^[22m[39m[31m[1m^[22m[39m[31m[1m^[22m[39m[31m[1m^[22m[39m[31m[1m^[22m[39m[31m[1m^[22m[39m[31m[1m^[22m[39m[31m[1m^[22m[39m[31m[1m^[22m[39m[31m[1m^[22m[39m[31m[1m^[22m[39m[31m[1m^[22m[39m[31m[1m^[22m[39m[31m[1m^[22m[39m[31m[1m^[22m[39m[31m[1m^[22m[39m[31m[1m^[22m[39m[31m[1m^[22m[39m[31m[1m^[22m[39m[31m[1m^[22m[39m[31m[1m^[22m[39m[31m[1m^[22m[39m[31m[1m^[22m[39m[31m[1m^[22m[39m[31m[1m^[22m[39m[31m[1m^[22m[39m[31m[1m^[22m[39m[31m[1m^[22m[39m[31m[1m^[22m[39m[31m[1m^[22m[39m
 [90m 27 |[39m [36mimport[39m [33mLink[39m [36mfrom[39m [32m"next/link"[39m[33m;[39m
 [90m 28 |[39m
 [90m 29 |[39m [36mconst[39m [33mTYPE_META[39m[33m:[39m [33mRecord[39m[33m<[39m[33mstring[39m[33m,[39m {[0m



Import traces:
  Client Component Browser:
    ./app/(dashboard)/feed/page.tsx [Client Component Browser]
    ./app/(dashboard)/feed/page.tsx [Server Component]

  Client Component SSR:
    ./app/(dashboard)/feed/page.tsx [Client Component SSR]
    ./app/(dashboard)/feed/page.tsx [Server Component]

https://nextjs.org/docs/messages/module-not-found


./app/pending/page.tsx:7:1
Module not found: Can't resolve 'framer-motion'
[0m [90m  5 |[39m [36mimport[39m { [33mButton[39m } [36mfrom[39m [32m"@/components/ui/button"[39m[33m;[39m
 [90m  6 |[39m [36mimport[39m [33mLink[39m [36mfrom[39m [32m"next/link"[39m[33m;[39m
[31m[1m>[22m[39m[90m  7 |[39m [36mimport[39m { motion[33m,[39m [33mAnimatePresence[39m } [36mfrom[39m [32m"framer-motion"[39m[33m;[39m
 [90m    |[39m [31m[1m^[22m[39m[31m[1m^[22m[39m[31m[1m^[22m[39m[31m[1m^[22m[39m[31m[1m^[22m[39m[31m[1m^[22m[39m[31m[1m^[22m[39m[31m[1m^[22m[39m[31m[1m^[22m[39m[31m[1m^[22m[39m[31m[1m^[22m[39m[31m[1m^[22m[39m[31m[1m^[22m[39m[31m[1m^[22m[39m[31m[1m^[22m[39m[31m[1m^[22m[39m[31m[1m^[22m[39m[31m[1m^[22m[39m[31m[1m^[22m[39m[31m[1m^[22m[39m[31m[1m^[22m[39m[31m[1m^[22m[39m[31m[1m^[22m[39m[31m[1m^[22m[39m[31m[1m^[22m[39m[31m[1m^[22m[39m[31m[1m^[22m[39m[31m[1m^[22m[39m[31m[1m^[22m[39m[31m[1m^[22m[39m[31m[1m^[22m[39m[31m[1m^[22m[39m[31m[1m^[22m[39m[31m[1m^[22m[39m[31m[1m^[22m[39m[31m[1m^[22m[39m[31m[1m^[22m[39m[31m[1m^[22m[39m[31m[1m^[22m[39m[31m[1m^[22m[39m[31m[1m^[22m[39m[31m[1m^[22m[39m[31m[1m^[22m[39m[31m[1m^[22m[39m[31m[1m^[22m[39m[31m[1m^[22m[39m[31m[1m^[22m[39m[31m[1m^[22m[39m[31m[1m^[22m[39m[31m[1m^[22m[39m[31m[1m^[22m[39m[31m[1m^[22m[39m[31m[1m^[22m[39m[31m[1m^[22m[39m[31m[1m^[22m[39m[31m[1m^[22m[39m
 [90m  8 |[39m
 [90m  9 |[39m [36mimport[39m {
 [90m 10 |[39m   [33mClock[39m[33m,[39m[0m



Import traces:
  Client Component Browser:
    ./app/pending/page.tsx [Client Component Browser]
    ./app/pending/page.tsx [Server Component]

  Client Component SSR:
    ./app/pending/page.tsx [Client Component SSR]
    ./app/pending/page.tsx [Server Component]

https://nextjs.org/docs/messages/module-not-found


./components/features/auth/LoginForm.tsx:15:1
Module not found: Can't resolve 'framer-motion'
[0m [90m 13 |[39m [36mimport[39m { [33mAlertCircle[39m[33m,[39m [33mLoader2[39m[33m,[39m [33mEye[39m[33m,[39m [33mEyeOff[39m[33m,[39m [33mLock[39m[33m,[39m [33mUser[39m } [36mfrom[39m [32m"lucide-react"[39m[33m;[39m
 [90m 14 |[39m [36mimport[39m [33mLink[39m [36mfrom[39m [32m"next/link"[39m[33m;[39m
[31m[1m>[22m[39m[90m 15 |[39m [36mimport[39m { motion[33m,[39m [33mAnimatePresence[39m } [36mfrom[39m [32m"framer-motion"[39m[33m;[39m
 [90m    |[39m [31m[1m^[22m[39m[31m[1m^[22m[39m[31m[1m^[22m[39m[31m[1m^[22m[39m[31m[1m^[22m[39m[31m[1m^[22m[39m[31m[1m^[22m[39m[31m[1m^[22m[39m[31m[1m^[22m[39m[31m[1m^[22m[39m[31m[1m^[22m[39m[31m[1m^[22m[39m[31m[1m^[22m[39m[31m[1m^[22m[39m[31m[1m^[22m[39m[31m[1m^[22m[39m[31m[1m^[22m[39m[31m[1m^[22m[39m[31m[1m^[22m[39m[31m[1m^[22m[39m[31m[1m^[22m[39m[31m[1m^[22m[39m[31m[1m^[22m[39m[31m[1m^[22m[39m[31m[1m^[22m[39m[31m[1m^[22m[39m[31m[1m^[22m[39m[31m[1m^[22m[39m[31m[1m^[22m[39m[31m[1m^[22m[39m[31m[1m^[22m[39m[31m[1m^[22m[39m[31m[1m^[22m[39m[31m[1m^[22m[39m[31m[1m^[22m[39m[31m[1m^[22m[39m[31m[1m^[22m[39m[31m[1m^[22m[39m[31m[1m^[22m[39m[31m[1m^[22m[39m[31m[1m^[22m[39m[31m[1m^[22m[39m[31m[1m^[22m[39m[31m[1m^[22m[39m[31m[1m^[22m[39m[31m[1m^[22m[39m[31m[1m^[22m[39m[31m[1m^[22m[39m[31m[1m^[22m[39m[31m[1m^[22m[39m[31m[1m^[22m[39m[31m[1m^[22m[39m[31m[1m^[22m[39m[31m[1m^[22m[39m[31m[1m^[22m[39m[31m[1m^[22m[39m
 [90m 16 |[39m
 [90m 17 |[39m [36mexport[39m [36mdefault[39m [36mfunction[39m [33mLoginForm[39m() {
 [90m 18 |[39m   [36mconst[39m router [33m=[39m useRouter()[33m;[39m[0m



Import trace:
  Server Component:
    ./components/features/auth/LoginForm.tsx
    ./app/login/page.tsx

https://nextjs.org/docs/messages/module-not-found


./components/features/auth/RegisterWizard.tsx:8:1
Module not found: Can't resolve 'framer-motion'
[0m [90m  6 |[39m [36mimport[39m [33mStepRegister[39m [36mfrom[39m [32m"./steps/StepRegister"[39m[33m;[39m
 [90m  7 |[39m [36mimport[39m { [33mStepIndicator[39m } [36mfrom[39m [32m"./StepIndicator"[39m[33m;[39m
[31m[1m>[22m[39m[90m  8 |[39m [36mimport[39m { [33mAnimatePresence[39m[33m,[39m motion } [36mfrom[39m [32m"framer-motion"[39m[33m;[39m
 [90m    |[39m [31m[1m^[22m[39m[31m[1m^[22m[39m[31m[1m^[22m[39m[31m[1m^[22m[39m[31m[1m^[22m[39m[31m[1m^[22m[39m[31m[1m^[22m[39m[31m[1m^[22m[39m[31m[1m^[22m[39m[31m[1m^[22m[39m[31m[1m^[22m[39m[31m[1m^[22m[39m[31m[1m^[22m[39m[31m[1m^[22m[39m[31m[1m^[22m[39m[31m[1m^[22m[39m[31m[1m^[22m[39m[31m[1m^[22m[39m[31m[1m^[22m[39m[31m[1m^[22m[39m[31m[1m^[22m[39m[31m[1m^[22m[39m[31m[1m^[22m[39m[31m[1m^[22m[39m[31m[1m^[22m[39m[31m[1m^[22m[39m[31m[1m^[22m[39m[31m[1m^[22m[39m[31m[1m^[22m[39m[31m[1m^[22m[39m[31m[1m^[22m[39m[31m[1m^[22m[39m[31m[1m^[22m[39m[31m[1m^[22m[39m[31m[1m^[22m[39m[31m[1m^[22m[39m[31m[1m^[22m[39m[31m[1m^[22m[39m[31m[1m^[22m[39m[31m[1m^[22m[39m[31m[1m^[22m[39m[31m[1m^[22m[39m[31m[1m^[22m[39m[31m[1m^[22m[39m[31m[1m^[22m[39m[31m[1m^[22m[39m[31m[1m^[22m[39m[31m[1m^[22m[39m[31m[1m^[22m[39m[31m[1m^[22m[39m[31m[1m^[22m[39m[31m[1m^[22m[39m[31m[1m^[22m[39m[31m[1m^[22m[39m[31m[1m^[22m[39m[31m[1m^[22m[39m
 [90m  9 |[39m
 [90m 10 |[39m [36mconst[39m [33mSTEPS[39m [33m=[39m [
 [90m 11 |[39m   { number[33m:[39m [35m1[39m[33m,[39m label[33m:[39m [32m"Verify Email"[39m }[33m,[39m[0m



Import trace:
  Server Component:
    ./components/features/auth/RegisterWizard.tsx
    ./app/register/page.tsx

https://nextjs.org/docs/messages/module-not-found


./components/features/auth/StepIndicator.tsx:4:1
Module not found: Can't resolve 'framer-motion'
[0m [90m 2 |[39m
 [90m 3 |[39m [36mimport[39m { [33mCheck[39m } [36mfrom[39m [32m"lucide-react"[39m[33m;[39m
[31m[1m>[22m[39m[90m 4 |[39m [36mimport[39m { motion } [36mfrom[39m [32m"framer-motion"[39m[33m;[39m
 [90m   |[39m [31m[1m^[22m[39m[31m[1m^[22m[39m[31m[1m^[22m[39m[31m[1m^[22m[39m[31m[1m^[22m[39m[31m[1m^[22m[39m[31m[1m^[22m[39m[31m[1m^[22m[39m[31m[1m^[22m[39m[31m[1m^[22m[39m[31m[1m^[22m[39m[31m[1m^[22m[39m[31m[1m^[22m[39m[31m[1m^[22m[39m[31m[1m^[22m[39m[31m[1m^[22m[39m[31m[1m^[22m[39m[31m[1m^[22m[39m[31m[1m^[22m[39m[31m[1m^[22m[39m[31m[1m^[22m[39m[31m[1m^[22m[39m[31m[1m^[22m[39m[31m[1m^[22m[39m[31m[1m^[22m[39m[31m[1m^[22m[39m[31m[1m^[22m[39m[31m[1m^[22m[39m[31m[1m^[22m[39m[31m[1m^[22m[39m[31m[1m^[22m[39m[31m[1m^[22m[39m[31m[1m^[22m[39m[31m[1m^[22m[39m[31m[1m^[22m[39m[31m[1m^[22m[39m[31m[1m^[22m[39m[31m[1m^[22m[39m[31m[1m^[22m[39m
 [90m 5 |[39m
 [90m 6 |[39m [36minterface[39m [33mStep[39m {
 [90m 7 |[39m   number[33m:[39m number[33m;[39m[0m



Import traces:
  Client Component Browser:
    ./components/features/auth/StepIndicator.tsx [Client Component Browser]
    ./components/features/auth/ForgotPasswordWizard.tsx [Client Component Browser]
    ./components/features/auth/ForgotPasswordWizard.tsx [Server Component]
    ./app/forgot-password/page.tsx [Server Component]

  Client Component SSR:
    ./components/features/auth/StepIndicator.tsx [Client Component SSR]
    ./components/features/auth/ForgotPasswordWizard.tsx [Client Component SSR]
    ./components/features/auth/ForgotPasswordWizard.tsx [Server Component]
    ./app/forgot-password/page.tsx [Server Component]

https://nextjs.org/docs/messages/module-not-found


./components/features/auth/steps/StepEmail.tsx:13:1
Module not found: Can't resolve 'framer-motion'
[0m [90m 11 |[39m [36mimport[39m { [33mLabel[39m } [36mfrom[39m [32m"@/components/ui/label"[39m[33m;[39m
 [90m 12 |[39m [36mimport[39m { [33mAlertCircle[39m[33m,[39m [33mLoader2[39m[33m,[39m [33mMail[39m[33m,[39m [33mInfo[39m } [36mfrom[39m [32m"lucide-react"[39m[33m;[39m
[31m[1m>[22m[39m[90m 13 |[39m [36mimport[39m { motion[33m,[39m [33mAnimatePresence[39m } [36mfrom[39m [32m"framer-motion"[39m[33m;[39m
 [90m    |[39m [31m[1m^[22m[39m[31m[1m^[22m[39m[31m[1m^[22m[39m[31m[1m^[22m[39m[31m[1m^[22m[39m[31m[1m^[22m[39m[31m[1m^[22m[39m[31m[1m^[22m[39m[31m[1m^[22m[39m[31m[1m^[22m[39m[31m[1m^[22m[39m[31m[1m^[22m[39m[31m[1m^[22m[39m[31m[1m^[22m[39m[31m[1m^[22m[39m[31m[1m^[22m[39m[31m[1m^[22m[39m[31m[1m^[22m[39m[31m[1m^[22m[39m[31m[1m^[22m[39m[31m[1m^[22m[39m[31m[1m^[22m[39m[31m[1m^[22m[39m[31m[1m^[22m[39m[31m[1m^[22m[39m[31m[1m^[22m[39m[31m[1m^[22m[39m[31m[1m^[22m[39m[31m[1m^[22m[39m[31m[1m^[22m[39m[31m[1m^[22m[39m[31m[1m^[22m[39m[31m[1m^[22m[39m[31m[1m^[22m[39m[31m[1m^[22m[39m[31m[1m^[22m[39m[31m[1m^[22m[39m[31m[1m^[22m[39m[31m[1m^[22m[39m[31m[1m^[22m[39m[31m[1m^[22m[39m[31m[1m^[22m[39m[31m[1m^[22m[39m[31m[1m^[22m[39m[31m[1m^[22m[39m[31m[1m^[22m[39m[31m[1m^[22m[39m[31m[1m^[22m[39m[31m[1m^[22m[39m[31m[1m^[22m[39m[31m[1m^[22m[39m[31m[1m^[22m[39m[31m[1m^[22m[39m[31m[1m^[22m[39m[31m[1m^[22m[39m[31m[1m^[22m[39m
 [90m 14 |[39m
 [90m 15 |[39m [36mexport[39m [36mdefault[39m [36mfunction[39m [33mStepEmail[39m() {
 [90m 16 |[39m   [36mconst[39m { setEmail[33m,[39m setStep[33m,[39m setOtpType } [33m=[39m useRegistrationStore()[33m;[39m[0m



Import traces:
  Client Component Browser:
    ./components/features/auth/steps/StepEmail.tsx [Client Component Browser]
    ./components/features/auth/RegisterWizard.tsx [Client Component Browser]
    ./components/features/auth/RegisterWizard.tsx [Server Component]
    ./app/register/page.tsx [Server Component]

  Client Component SSR:
    ./components/features/auth/steps/StepEmail.tsx [Client Component SSR]
    ./components/features/auth/RegisterWizard.tsx [Client Component SSR]
    ./components/features/auth/RegisterWizard.tsx [Server Component]
    ./app/register/page.tsx [Server Component]

https://nextjs.org/docs/messages/module-not-found


./components/features/auth/steps/StepOTP.tsx:8:1
Module not found: Can't resolve 'framer-motion'
[0m [90m  6 |[39m [36mimport[39m { [33mButton[39m } [36mfrom[39m [32m"@/components/ui/button"[39m[33m;[39m
 [90m  7 |[39m [36mimport[39m { [33mAlertCircle[39m[33m,[39m [33mCheckCircle2[39m[33m,[39m [33mKeyRound[39m[33m,[39m [33mArrowLeft[39m[33m,[39m [33mLoader2[39m[33m,[39m [33mRotateCcw[39m } [36mfrom[39m [32m"lucide-react"[39m[33m;[39m
[31m[1m>[22m[39m[90m  8 |[39m [36mimport[39m { motion[33m,[39m [33mAnimatePresence[39m } [36mfrom[39m [32m"framer-motion"[39m[33m;[39m
 [90m    |[39m [31m[1m^[22m[39m[31m[1m^[22m[39m[31m[1m^[22m[39m[31m[1m^[22m[39m[31m[1m^[22m[39m[31m[1m^[22m[39m[31m[1m^[22m[39m[31m[1m^[22m[39m[31m[1m^[22m[39m[31m[1m^[22m[39m[31m[1m^[22m[39m[31m[1m^[22m[39m[31m[1m^[22m[39m[31m[1m^[22m[39m[31m[1m^[22m[39m[31m[1m^[22m[39m[31m[1m^[22m[39m[31m[1m^[22m[39m[31m[1m^[22m[39m[31m[1m^[22m[39m[31m[1m^[22m[39m[31m[1m^[22m[39m[31m[1m^[22m[39m[31m[1m^[22m[39m[31m[1m^[22m[39m[31m[1m^[22m[39m[31m[1m^[22m[39m[31m[1m^[22m[39m[31m[1m^[22m[39m[31m[1m^[22m[39m[31m[1m^[22m[39m[31m[1m^[22m[39m[31m[1m^[22m[39m[31m[1m^[22m[39m[31m[1m^[22m[39m[31m[1m^[22m[39m[31m[1m^[22m[39m[31m[1m^[22m[39m[31m[1m^[22m[39m[31m[1m^[22m[39m[31m[1m^[22m[39m[31m[1m^[22m[39m[31m[1m^[22m[39m[31m[1m^[22m[39m[31m[1m^[22m[39m[31m[1m^[22m[39m[31m[1m^[22m[39m[31m[1m^[22m[39m[31m[1m^[22m[39m[31m[1m^[22m[39m[31m[1m^[22m[39m[31m[1m^[22m[39m[31m[1m^[22m[39m[31m[1m^[22m[39m[31m[1m^[22m[39m[31m[1m^[22m[39m
 [90m  9 |[39m
 [90m 10 |[39m [36mexport[39m [36mdefault[39m [36mfunction[39m [33mStepOTP[39m() {
 [90m 11 |[39m   [36mconst[39m { email[33m,[39m otpType[33m,[39m setVerifiedToken[33m,[39m setStep } [33m=[39m useRegistrationStore()[33m;[39m[0m



Import traces:
  Client Component Browser:
    ./components/features/auth/steps/StepOTP.tsx [Client Component Browser]
    ./components/features/auth/RegisterWizard.tsx [Client Component Browser]
    ./components/features/auth/RegisterWizard.tsx [Server Component]
    ./app/register/page.tsx [Server Component]

  Client Component SSR:
    ./components/features/auth/steps/StepOTP.tsx [Client Component SSR]
    ./components/features/auth/RegisterWizard.tsx [Client Component SSR]
    ./components/features/auth/RegisterWizard.tsx [Server Component]
    ./app/register/page.tsx [Server Component]

https://nextjs.org/docs/messages/module-not-found


./components/features/auth/steps/StepRegister.tsx:39:1
Module not found: Can't resolve 'framer-motion'
[0m [90m 37 |[39m } [36mfrom[39m [32m"lucide-react"[39m[33m;[39m
 [90m 38 |[39m [36mimport[39m { [33mStudentCardUpload[39m } [36mfrom[39m [32m"@/components/layout/StudentCardUpload"[39m[33m;[39m
[31m[1m>[22m[39m[90m 39 |[39m [36mimport[39m { motion[33m,[39m [33mAnimatePresence[39m } [36mfrom[39m [32m"framer-motion"[39m[33m;[39m
 [90m    |[39m [31m[1m^[22m[39m[31m[1m^[22m[39m[31m[1m^[22m[39m[31m[1m^[22m[39m[31m[1m^[22m[39m[31m[1m^[22m[39m[31m[1m^[22m[39m[31m[1m^[22m[39m[31m[1m^[22m[39m[31m[1m^[22m[39m[31m[1m^[22m[39m[31m[1m^[22m[39m[31m[1m^[22m[39m[31m[1m^[22m[39m[31m[1m^[22m[39m[31m[1m^[22m[39m[31m[1m^[22m[39m[31m[1m^[22m[39m[31m[1m^[22m[39m[31m[1m^[22m[39m[31m[1m^[22m[39m[31m[1m^[22m[39m[31m[1m^[22m[39m[31m[1m^[22m[39m[31m[1m^[22m[39m[31m[1m^[22m[39m[31m[1m^[22m[39m[31m[1m^[22m[39m[31m[1m^[22m[39m[31m[1m^[22m[39m[31m[1m^[22m[39m[31m[1m^[22m[39m[31m[1m^[22m[39m[31m[1m^[22m[39m[31m[1m^[22m[39m[31m[1m^[22m[39m[31m[1m^[22m[39m[31m[1m^[22m[39m[31m[1m^[22m[39m[31m[1m^[22m[39m[31m[1m^[22m[39m[31m[1m^[22m[39m[31m[1m^[22m[39m[31m[1m^[22m[39m[31m[1m^[22m[39m[31m[1m^[22m[39m[31m[1m^[22m[39m[31m[1m^[22m[39m[31m[1m^[22m[39m[31m[1m^[22m[39m[31m[1m^[22m[39m[31m[1m^[22m[39m[31m[1m^[22m[39m[31m[1m^[22m[39m[31m[1m^[22m[39m[31m[1m^[22m[39m
 [90m 40 |[39m
 [90m 41 |[39m [36mconst[39m [33mDEGREES[39m [33m=[39m [[32m"BSCS"[39m[33m,[39m [32m"BSIT"[39m[33m,[39m [32m"BSSE"[39m[33m,[39m [32m"BSEE"[39m[33m,[39m [32m"BSME"[39m[33m,[39m [32m"BSCE"[39m[33m,[39m [32m"MBA"[39m[33m,[39m [32m"MS"[39m[33m,[39m [32m"PhD"[39m][33m;[39m
 [90m 42 |[39m[0m



Import traces:
  Client Component Browser:
    ./components/features/auth/steps/StepRegister.tsx [Client Component Browser]
    ./components/features/auth/RegisterWizard.tsx [Client Component Browser]
    ./components/features/auth/RegisterWizard.tsx [Server Component]
    ./app/register/page.tsx [Server Component]

  Client Component SSR:
    ./components/features/auth/steps/StepRegister.tsx [Client Component SSR]
    ./components/features/auth/RegisterWizard.tsx [Client Component SSR]
    ./components/features/auth/RegisterWizard.tsx [Server Component]
    ./app/register/page.tsx [Server Component]

https://nextjs.org/docs/messages/module-not-found


./components/layout/StudentCardUpload.tsx:5:1
Module not found: Can't resolve 'framer-motion'
[0m [90m 3 |[39m [36mimport[39m { [33mImagePlus[39m[33m,[39m [33mCheckCircle2[39m[33m,[39m [33mX[39m[33m,[39m [33mAlertCircle[39m[33m,[39m [33mFileImage[39m[33m,[39m [33mUpload[39m } [36mfrom[39m [32m"lucide-react"[39m[33m;[39m
 [90m 4 |[39m [36mimport[39m { [33mLabel[39m } [36mfrom[39m [32m"@/components/ui/label"[39m[33m;[39m
[31m[1m>[22m[39m[90m 5 |[39m [36mimport[39m { motion[33m,[39m [33mAnimatePresence[39m } [36mfrom[39m [32m"framer-motion"[39m[33m;[39m
 [90m   |[39m [31m[1m^[22m[39m[31m[1m^[22m[39m[31m[1m^[22m[39m[31m[1m^[22m[39m[31m[1m^[22m[39m[31m[1m^[22m[39m[31m[1m^[22m[39m[31m[1m^[22m[39m[31m[1m^[22m[39m[31m[1m^[22m[39m[31m[1m^[22m[39m[31m[1m^[22m[39m[31m[1m^[22m[39m[31m[1m^[22m[39m[31m[1m^[22m[39m[31m[1m^[22m[39m[31m[1m^[22m[39m[31m[1m^[22m[39m[31m[1m^[22m[39m[31m[1m^[22m[39m[31m[1m^[22m[39m[31m[1m^[22m[39m[31m[1m^[22m[39m[31m[1m^[22m[39m[31m[1m^[22m[39m[31m[1m^[22m[39m[31m[1m^[22m[39m[31m[1m^[22m[39m[31m[1m^[22m[39m[31m[1m^[22m[39m[31m[1m^[22m[39m[31m[1m^[22m[39m[31m[1m^[22m[39m[31m[1m^[22m[39m[31m[1m^[22m[39m[31m[1m^[22m[39m[31m[1m^[22m[39m[31m[1m^[22m[39m[31m[1m^[22m[39m[31m[1m^[22m[39m[31m[1m^[22m[39m[31m[1m^[22m[39m[31m[1m^[22m[39m[31m[1m^[22m[39m[31m[1m^[22m[39m[31m[1m^[22m[39m[31m[1m^[22m[39m[31m[1m^[22m[39m[31m[1m^[22m[39m[31m[1m^[22m[39m[31m[1m^[22m[39m[31m[1m^[22m[39m[31m[1m^[22m[39m[31m[1m^[22m[39m[31m[1m^[22m[39m[31m[1m^[22m[39m
 [90m 6 |[39m
 [90m 7 |[39m [36minterface[39m [33mStudentCardUploadProps[39m {
 [90m 8 |[39m   file[33m:[39m [33mFile[39m [33m|[39m [36mnull[39m[33m;[39m[0m



Import traces:
  Client Component Browser:
    ./components/layout/StudentCardUpload.tsx [Client Component Browser]
    ./components/features/auth/steps/StepRegister.tsx [Client Component Browser]
    ./components/features/auth/RegisterWizard.tsx [Client Component Browser]
    ./components/features/auth/RegisterWizard.tsx [Server Component]
    ./app/register/page.tsx [Server Component]

  Client Component SSR:
    ./components/layout/StudentCardUpload.tsx [Client Component SSR]
    ./components/features/auth/steps/StepRegister.tsx [Client Component SSR]
    ./components/features/auth/RegisterWizard.tsx [Client Component SSR]
    ./components/features/auth/RegisterWizard.tsx [Server Component]
    ./app/register/page.tsx [Server Component]

https://nextjs.org/docs/messages/module-not-found


./lib/socket.ts:1:1
Module not found: Can't resolve 'socket.io-client'
[0m[31m[1m>[22m[39m[90m 1 |[39m [36mimport[39m { io[33m,[39m [33mSocket[39m } [36mfrom[39m [32m"socket.io-client"[39m[33m;[39m
 [90m   |[39m [31m[1m^[22m[39m[31m[1m^[22m[39m[31m[1m^[22m[39m[31m[1m^[22m[39m[31m[1m^[22m[39m[31m[1m^[22m[39m[31m[1m^[22m[39m[31m[1m^[22m[39m[31m[1m^[22m[39m[31m[1m^[22m[39m[31m[1m^[22m[39m[31m[1m^[22m[39m[31m[1m^[22m[39m[31m[1m^[22m[39m[31m[1m^[22m[39m[31m[1m^[22m[39m[31m[1m^[22m[39m[31m[1m^[22m[39m[31m[1m^[22m[39m[31m[1m^[22m[39m[31m[1m^[22m[39m[31m[1m^[22m[39m[31m[1m^[22m[39m[31m[1m^[22m[39m[31m[1m^[22m[39m[31m[1m^[22m[39m[31m[1m^[22m[39m[31m[1m^[22m[39m[31m[1m^[22m[39m[31m[1m^[22m[39m[31m[1m^[22m[39m[31m[1m^[22m[39m[31m[1m^[22m[39m[31m[1m^[22m[39m[31m[1m^[22m[39m[31m[1m^[22m[39m[31m[1m^[22m[39m[31m[1m^[22m[39m[31m[1m^[22m[39m[31m[1m^[22m[39m[31m[1m^[22m[39m[31m[1m^[22m[39m[31m[1m^[22m[39m[31m[1m^[22m[39m[31m[1m^[22m[39m[31m[1m^[22m[39m
 [90m 2 |[39m
 [90m 3 |[39m [36mlet[39m socket[33m:[39m [33mSocket[39m [33m|[39m [36mnull[39m [33m=[39m [36mnull[39m[33m;[39m
 [90m 4 |[39m[0m



Import traces:
  Client Component Browser:
    ./lib/socket.ts [Client Component Browser]
    ./hooks/useNotifications.ts [Client Component Browser]
    ./app/(dashboard)/notifications/page.tsx [Client Component Browser]
    ./app/(dashboard)/notifications/page.tsx [Server Component]

  Client Component SSR:
    ./lib/socket.ts [Client Component SSR]
    ./hooks/useNotifications.ts [Client Component SSR]
    ./app/(dashboard)/notifications/page.tsx [Client Component SSR]
    ./app/(dashboard)/notifications/page.tsx [Server Component]

https://nextjs.org/docs/messages/module-not-found


./app/(dashboard)/my-network/page.tsx:4:1
Export getPendingRequests doesn't exist in target module
[0m [90m 2 |[39m
 [90m 3 |[39m [36mimport[39m { useQuery[33m,[39m useMutation[33m,[39m useQueryClient } [36mfrom[39m [32m"@tanstack/react-query"[39m[33m;[39m
[31m[1m>[22m[39m[90m 4 |[39m [36mimport[39m { getMyNetwork[33m,[39m getPendingRequests[33m,[39m respondToRequest } [36mfrom[39m [32m"@/lib/api/alumni.api"[39m[33m;[39m
 [90m   |[39m [31m[1m^[22m[39m[31m[1m^[22m[39m[31m[1m^[22m[39m[31m[1m^[22m[39m[31m[1m^[22m[39m[31m[1m^[22m[39m[31m[1m^[22m[39m[31m[1m^[22m[39m[31m[1m^[22m[39m[31m[1m^[22m[39m[31m[1m^[22m[39m[31m[1m^[22m[39m[31m[1m^[22m[39m[31m[1m^[22m[39m[31m[1m^[22m[39m[31m[1m^[22m[39m[31m[1m^[22m[39m[31m[1m^[22m[39m[31m[1m^[22m[39m[31m[1m^[22m[39m[31m[1m^[22m[39m[31m[1m^[22m[39m[31m[1m^[22m[39m[31m[1m^[22m[39m[31m[1m^[22m[39m[31m[1m^[22m[39m[31m[1m^[22m[39m[31m[1m^[22m[39m[31m[1m^[22m[39m[31m[1m^[22m[39m[31m[1m^[22m[39m[31m[1m^[22m[39m[31m[1m^[22m[39m[31m[1m^[22m[39m[31m[1m^[22m[39m[31m[1m^[22m[39m[31m[1m^[22m[39m[31m[1m^[22m[39m[31m[1m^[22m[39m[31m[1m^[22m[39m[31m[1m^[22m[39m[31m[1m^[22m[39m[31m[1m^[22m[39m[31m[1m^[22m[39m[31m[1m^[22m[39m[31m[1m^[22m[39m[31m[1m^[22m[39m[31m[1m^[22m[39m[31m[1m^[22m[39m[31m[1m^[22m[39m[31m[1m^[22m[39m[31m[1m^[22m[39m[31m[1m^[22m[39m[31m[1m^[22m[39m[31m[1m^[22m[39m[31m[1m^[22m[39m[31m[1m^[22m[39m[31m[1m^[22m[39m[31m[1m^[22m[39m[31m[1m^[22m[39m[31m[1m^[22m[39m[31m[1m^[22m[39m[31m[1m^[22m[39m[31m[1m^[22m[39m[31m[1m^[22m[39m[31m[1m^[22m[39m[31m[1m^[22m[39m[31m[1m^[22m[39m[31m[1m^[22m[39m[31m[1m^[22m[39m[31m[1m^[22m[39m[31m[1m^[22m[39m[31m[1m^[22m[39m[31m[1m^[22m[39m[31m[1m^[22m[39m[31m[1m^[22m[39m[31m[1m^[22m[39m[31m[1m^[22m[39m[31m[1m^[22m[39m[31m[1m^[22m[39m[31m[1m^[22m[39m[31m[1m^[22m[39m[31m[1m^[22m[39m[31m[1m^[22m[39m[31m[1m^[22m[39m[31m[1m^[22m[39m[31m[1m^[22m[39m[31m[1m^[22m[39m[31m[1m^[22m[39m[31m[1m^[22m[39m
 [90m 5 |[39m [36mimport[39m { useState } [36mfrom[39m [32m"react"[39m[33m;[39m
 [90m 6 |[39m [36mimport[39m [33mLink[39m [36mfrom[39m [32m"next/link"[39m[33m;[39m
 [90m 7 |[39m[0m

The export getPendingRequests was not found in module [project]/lib/api/alumni.api.ts [app-client] (ecmascript).
Did you mean to import getAlumniByUsername?
All exports of the module are statically known (It doesn't have dynamic exports). So it's known statically that the requested export doesn't exist.

Import traces:
  Client Component Browser:
    ./app/(dashboard)/my-network/page.tsx [Client Component Browser]
    ./app/(dashboard)/my-network/page.tsx [Server Component]

  Client Component SSR:
    ./app/(dashboard)/my-network/page.tsx [Client Component SSR]
    ./app/(dashboard)/my-network/page.tsx [Server Component]


./app/(dashboard)/my-network/page.tsx:4:1
Export getPendingRequests doesn't exist in target module
[0m [90m 2 |[39m
 [90m 3 |[39m [36mimport[39m { useQuery[33m,[39m useMutation[33m,[39m useQueryClient } [36mfrom[39m [32m"@tanstack/react-query"[39m[33m;[39m
[31m[1m>[22m[39m[90m 4 |[39m [36mimport[39m { getMyNetwork[33m,[39m getPendingRequests[33m,[39m respondToRequest } [36mfrom[39m [32m"@/lib/api/alumni.api"[39m[33m;[39m
 [90m   |[39m [31m[1m^[22m[39m[31m[1m^[22m[39m[31m[1m^[22m[39m[31m[1m^[22m[39m[31m[1m^[22m[39m[31m[1m^[22m[39m[31m[1m^[22m[39m[31m[1m^[22m[39m[31m[1m^[22m[39m[31m[1m^[22m[39m[31m[1m^[22m[39m[31m[1m^[22m[39m[31m[1m^[22m[39m[31m[1m^[22m[39m[31m[1m^[22m[39m[31m[1m^[22m[39m[31m[1m^[22m[39m[31m[1m^[22m[39m[31m[1m^[22m[39m[31m[1m^[22m[39m[31m[1m^[22m[39m[31m[1m^[22m[39m[31m[1m^[22m[39m[31m[1m^[22m[39m[31m[1m^[22m[39m[31m[1m^[22m[39m[31m[1m^[22m[39m[31m[1m^[22m[39m[31m[1m^[22m[39m[31m[1m^[22m[39m[31m[1m^[22m[39m[31m[1m^[22m[39m[31m[1m^[22m[39m[31m[1m^[22m[39m[31m[1m^[22m[39m[31m[1m^[22m[39m[31m[1m^[22m[39m[31m[1m^[22m[39m[31m[1m^[22m[39m[31m[1m^[22m[39m[31m[1m^[22m[39m[31m[1m^[22m[39m[31m[1m^[22m[39m[31m[1m^[22m[39m[31m[1m^[22m[39m[31m[1m^[22m[39m[31m[1m^[22m[39m[31m[1m^[22m[39m[31m[1m^[22m[39m[31m[1m^[22m[39m[31m[1m^[22m[39m[31m[1m^[22m[39m[31m[1m^[22m[39m[31m[1m^[22m[39m[31m[1m^[22m[39m[31m[1m^[22m[39m[31m[1m^[22m[39m[31m[1m^[22m[39m[31m[1m^[22m[39m[31m[1m^[22m[39m[31m[1m^[22m[39m[31m[1m^[22m[39m[31m[1m^[22m[39m[31m[1m^[22m[39m[31m[1m^[22m[39m[31m[1m^[22m[39m[31m[1m^[22m[39m[31m[1m^[22m[39m[31m[1m^[22m[39m[31m[1m^[22m[39m[31m[1m^[22m[39m[31m[1m^[22m[39m[31m[1m^[22m[39m[31m[1m^[22m[39m[31m[1m^[22m[39m[31m[1m^[22m[39m[31m[1m^[22m[39m[31m[1m^[22m[39m[31m[1m^[22m[39m[31m[1m^[22m[39m[31m[1m^[22m[39m[31m[1m^[22m[39m[31m[1m^[22m[39m[31m[1m^[22m[39m[31m[1m^[22m[39m[31m[1m^[22m[39m[31m[1m^[22m[39m[31m[1m^[22m[39m[31m[1m^[22m[39m[31m[1m^[22m[39m
 [90m 5 |[39m [36mimport[39m { useState } [36mfrom[39m [32m"react"[39m[33m;[39m
 [90m 6 |[39m [36mimport[39m [33mLink[39m [36mfrom[39m [32m"next/link"[39m[33m;[39m
 [90m 7 |[39m[0m

The export getPendingRequests was not found in module [project]/lib/api/alumni.api.ts [app-ssr] (ecmascript).
Did you mean to import getAlumniByUsername?
All exports of the module are statically known (It doesn't have dynamic exports). So it's known statically that the requested export doesn't exist.

Import traces:
  Client Component Browser:
    ./app/(dashboard)/my-network/page.tsx [Client Component Browser]
    ./app/(dashboard)/my-network/page.tsx [Server Component]

  Client Component SSR:
    ./app/(dashboard)/my-network/page.tsx [Client Component SSR]
    ./app/(dashboard)/my-network/page.tsx [Server Component]


./app/(dashboard)/my-network/page.tsx:4:1
Export respondToRequest doesn't exist in target module
[0m [90m 2 |[39m
 [90m 3 |[39m [36mimport[39m { useQuery[33m,[39m useMutation[33m,[39m useQueryClient } [36mfrom[39m [32m"@tanstack/react-query"[39m[33m;[39m
[31m[1m>[22m[39m[90m 4 |[39m [36mimport[39m { getMyNetwork[33m,[39m getPendingRequests[33m,[39m respondToRequest } [36mfrom[39m [32m"@/lib/api/alumni.api"[39m[33m;[39m
 [90m   |[39m [31m[1m^[22m[39m[31m[1m^[22m[39m[31m[1m^[22m[39m[31m[1m^[22m[39m[31m[1m^[22m[39m[31m[1m^[22m[39m[31m[1m^[22m[39m[31m[1m^[22m[39m[31m[1m^[22m[39m[31m[1m^[22m[39m[31m[1m^[22m[39m[31m[1m^[22m[39m[31m[1m^[22m[39m[31m[1m^[22m[39m[31m[1m^[22m[39m[31m[1m^[22m[39m[31m[1m^[22m[39m[31m[1m^[22m[39m[31m[1m^[22m[39m[31m[1m^[22m[39m[31m[1m^[22m[39m[31m[1m^[22m[39m[31m[1m^[22m[39m[31m[1m^[22m[39m[31m[1m^[22m[39m[31m[1m^[22m[39m[31m[1m^[22m[39m[31m[1m^[22m[39m[31m[1m^[22m[39m[31m[1m^[22m[39m[31m[1m^[22m[39m[31m[1m^[22m[39m[31m[1m^[22m[39m[31m[1m^[22m[39m[31m[1m^[22m[39m[31m[1m^[22m[39m[31m[1m^[22m[39m[31m[1m^[22m[39m[31m[1m^[22m[39m[31m[1m^[22m[39m[31m[1m^[22m[39m[31m[1m^[22m[39m[31m[1m^[22m[39m[31m[1m^[22m[39m[31m[1m^[22m[39m[31m[1m^[22m[39m[31m[1m^[22m[39m[31m[1m^[22m[39m[31m[1m^[22m[39m[31m[1m^[22m[39m[31m[1m^[22m[39m[31m[1m^[22m[39m[31m[1m^[22m[39m[31m[1m^[22m[39m[31m[1m^[22m[39m[31m[1m^[22m[39m[31m[1m^[22m[39m[31m[1m^[22m[39m[31m[1m^[22m[39m[31m[1m^[22m[39m[31m[1m^[22m[39m[31m[1m^[22m[39m[31m[1m^[22m[39m[31m[1m^[22m[39m[31m[1m^[22m[39m[31m[1m^[22m[39m[31m[1m^[22m[39m[31m[1m^[22m[39m[31m[1m^[22m[39m[31m[1m^[22m[39m[31m[1m^[22m[39m[31m[1m^[22m[39m[31m[1m^[22m[39m[31m[1m^[22m[39m[31m[1m^[22m[39m[31m[1m^[22m[39m[31m[1m^[22m[39m[31m[1m^[22m[39m[31m[1m^[22m[39m[31m[1m^[22m[39m[31m[1m^[22m[39m[31m[1m^[22m[39m[31m[1m^[22m[39m[31m[1m^[22m[39m[31m[1m^[22m[39m[31m[1m^[22m[39m[31m[1m^[22m[39m[31m[1m^[22m[39m[31m[1m^[22m[39m[31m[1m^[22m[39m
 [90m 5 |[39m [36mimport[39m { useState } [36mfrom[39m [32m"react"[39m[33m;[39m
 [90m 6 |[39m [36mimport[39m [33mLink[39m [36mfrom[39m [32m"next/link"[39m[33m;[39m
 [90m 7 |[39m[0m

The export respondToRequest was not found in module [project]/lib/api/alumni.api.ts [app-client] (ecmascript).
Did you mean to import updateWorkExperience?
All exports of the module are statically known (It doesn't have dynamic exports). So it's known statically that the requested export doesn't exist.

Import traces:
  Client Component Browser:
    ./app/(dashboard)/my-network/page.tsx [Client Component Browser]
    ./app/(dashboard)/my-network/page.tsx [Server Component]

  Client Component SSR:
    ./app/(dashboard)/my-network/page.tsx [Client Component SSR]
    ./app/(dashboard)/my-network/page.tsx [Server Component]


./app/(dashboard)/my-network/page.tsx:4:1
Export respondToRequest doesn't exist in target module
[0m [90m 2 |[39m
 [90m 3 |[39m [36mimport[39m { useQuery[33m,[39m useMutation[33m,[39m useQueryClient } [36mfrom[39m [32m"@tanstack/react-query"[39m[33m;[39m
[31m[1m>[22m[39m[90m 4 |[39m [36mimport[39m { getMyNetwork[33m,[39m getPendingRequests[33m,[39m respondToRequest } [36mfrom[39m [32m"@/lib/api/alumni.api"[39m[33m;[39m
 [90m   |[39m [31m[1m^[22m[39m[31m[1m^[22m[39m[31m[1m^[22m[39m[31m[1m^[22m[39m[31m[1m^[22m[39m[31m[1m^[22m[39m[31m[1m^[22m[39m[31m[1m^[22m[39m[31m[1m^[22m[39m[31m[1m^[22m[39m[31m[1m^[22m[39m[31m[1m^[22m[39m[31m[1m^[22m[39m[31m[1m^[22m[39m[31m[1m^[22m[39m[31m[1m^[22m[39m[31m[1m^[22m[39m[31m[1m^[22m[39m[31m[1m^[22m[39m[31m[1m^[22m[39m[31m[1m^[22m[39m[31m[1m^[22m[39m[31m[1m^[22m[39m[31m[1m^[22m[39m[31m[1m^[22m[39m[31m[1m^[22m[39m[31m[1m^[22m[39m[31m[1m^[22m[39m[31m[1m^[22m[39m[31m[1m^[22m[39m[31m[1m^[22m[39m[31m[1m^[22m[39m[31m[1m^[22m[39m[31m[1m^[22m[39m[31m[1m^[22m[39m[31m[1m^[22m[39m[31m[1m^[22m[39m[31m[1m^[22m[39m[31m[1m^[22m[39m[31m[1m^[22m[39m[31m[1m^[22m[39m[31m[1m^[22m[39m[31m[1m^[22m[39m[31m[1m^[22m[39m[31m[1m^[22m[39m[31m[1m^[22m[39m[31m[1m^[22m[39m[31m[1m^[22m[39m[31m[1m^[22m[39m[31m[1m^[22m[39m[31m[1m^[22m[39m[31m[1m^[22m[39m[31m[1m^[22m[39m[31m[1m^[22m[39m[31m[1m^[22m[39m[31m[1m^[22m[39m[31m[1m^[22m[39m[31m[1m^[22m[39m[31m[1m^[22m[39m[31m[1m^[22m[39m[31m[1m^[22m[39m[31m[1m^[22m[39m[31m[1m^[22m[39m[31m[1m^[22m[39m[31m[1m^[22m[39m[31m[1m^[22m[39m[31m[1m^[22m[39m[31m[1m^[22m[39m[31m[1m^[22m[39m[31m[1m^[22m[39m[31m[1m^[22m[39m[31m[1m^[22m[39m[31m[1m^[22m[39m[31m[1m^[22m[39m[31m[1m^[22m[39m[31m[1m^[22m[39m[31m[1m^[22m[39m[31m[1m^[22m[39m[31m[1m^[22m[39m[31m[1m^[22m[39m[31m[1m^[22m[39m[31m[1m^[22m[39m[31m[1m^[22m[39m[31m[1m^[22m[39m[31m[1m^[22m[39m[31m[1m^[22m[39m[31m[1m^[22m[39m[31m[1m^[22m[39m[31m[1m^[22m[39m[31m[1m^[22m[39m
 [90m 5 |[39m [36mimport[39m { useState } [36mfrom[39m [32m"react"[39m[33m;[39m
 [90m 6 |[39m [36mimport[39m [33mLink[39m [36mfrom[39m [32m"next/link"[39m[33m;[39m
 [90m 7 |[39m[0m

The export respondToRequest was not found in module [project]/lib/api/alumni.api.ts [app-ssr] (ecmascript).
Did you mean to import updateWorkExperience?
All exports of the module are statically known (It doesn't have dynamic exports). So it's known statically that the requested export doesn't exist.

Import traces:
  Client Component Browser:
    ./app/(dashboard)/my-network/page.tsx [Client Component Browser]
    ./app/(dashboard)/my-network/page.tsx [Server Component]

  Client Component SSR:
    ./app/(dashboard)/my-network/page.tsx [Client Component SSR]
    ./app/(dashboard)/my-network/page.tsx [Server Component]


    at <unknown> (./lib/api/chat.api.ts:1:1)
    at <unknown> (https://nextjs.org/docs/messages/module-not-found)
    at <unknown> (./app/(dashboard)/feed/page.tsx:26:1)
    at <unknown> (https://nextjs.org/docs/messages/module-not-found)
    at <unknown> (./app/pending/page.tsx:7:1)
    at <unknown> (https://nextjs.org/docs/messages/module-not-found)
    at <unknown> (./components/features/auth/LoginForm.tsx:15:1)
    at <unknown> (https://nextjs.org/docs/messages/module-not-found)
    at <unknown> (./components/features/auth/RegisterWizard.tsx:8:1)
    at <unknown> (https://nextjs.org/docs/messages/module-not-found)
    at <unknown> (./components/features/auth/StepIndicator.tsx:4:1)
    at <unknown> (https://nextjs.org/docs/messages/module-not-found)
    at <unknown> (./components/features/auth/steps/StepEmail.tsx:13:1)
    at <unknown> (https://nextjs.org/docs/messages/module-not-found)
    at <unknown> (./components/features/auth/steps/StepOTP.tsx:8:1)
    at <unknown> (https://nextjs.org/docs/messages/module-not-found)
    at <unknown> (./components/features/auth/steps/StepRegister.tsx:39:1)
    at <unknown> (https://nextjs.org/docs/messages/module-not-found)
    at <unknown> (./components/layout/StudentCardUpload.tsx:5:1)
    at <unknown> (https://nextjs.org/docs/messages/module-not-found)
    at <unknown> (./lib/socket.ts:1:1)
    at <unknown> (https://nextjs.org/docs/messages/module-not-found)
    at <unknown> (./app/(dashboard)/my-network/page.tsx:4:1)
    ... collapsed 3 duplicate lines matching above 1 lines 3 times...
